Last login: Tue Oct 17 18:13:22 on ttys002
(base) monicazhang@Monicas-MacBook-Air ~ % mkdir ml-ops
(base) monicazhang@Monicas-MacBook-Air ~ % cd ml-ops
(base) monicazhang@Monicas-MacBook-Air ml-ops % git init
Initialized empty Git repository in /Users/monicazhang/ml-ops/.git/
(base) monicazhang@Monicas-MacBook-Air ml-ops % dvc init 
Initialized DVC repository.

You can now commit the changes to git.

+---------------------------------------------------------------------+
|                                                                     |
|        DVC has enabled anonymous aggregate usage analytics.         |
|     Read the analytics documentation (and how to opt-out) here:     |
|             <https://dvc.org/doc/user-guide/analytics>              |
|                                                                     |
+---------------------------------------------------------------------+

What's next?
------------
- Check out the documentation: <https://dvc.org/doc>
- Get help and share ideas: <https://dvc.org/chat>
- Star us on GitHub: <https://github.com/iterative/dvc>
(base) monicazhang@Monicas-MacBook-Air ml-ops % mv ~/Downloads/athletes_v1 (1).csv ~/ml-ops/ 
zsh: no matches found: (1).csv
(base) monicazhang@Monicas-MacBook-Air ml-ops % mv ~/Downloads/athletes_v1.csv ~/ml-ops/   
(base) monicazhang@Monicas-MacBook-Air ml-ops % ls    
athletes_v1.csv
(base) monicazhang@Monicas-MacBook-Air ml-ops % dvc add athletes_v1.csv
100% Adding...|████████████████████████████████████████|1/1 [00:00, 21.61file/s]
                                                                                
To track the changes with git, run:

	git add .gitignore athletes_v1.csv.dvc

To enable auto staging, run:

	dvc config core.autostage true
(base) monicazhang@Monicas-MacBook-Air ml-ops % git add atheletes.csv.dvc .gitignore
fatal: pathspec 'atheletes.csv.dvc' did not match any files
(base) monicazhang@Monicas-MacBook-Air ml-ops % git add atheletes_v1.csv.dvc .gitignore
fatal: pathspec 'atheletes_v1.csv.dvc' did not match any files
(base) monicazhang@Monicas-MacBook-Air ml-ops % git add .gitignore athletes_v1.csv.dvc
(base) monicazhang@Monicas-MacBook-Air ml-ops % git commit -m "Add v1 of data"
[main (root-commit) 9453a3e] Add v1 of data
 Committer: Monica Zhang <monicazhang@Monicas-MacBook-Air.local>
Your name and email address were configured automatically based
on your username and hostname. Please check that they are accurate.
You can suppress this message by setting them explicitly. Run the
following command and follow the instructions in your editor to edit
your configuration file:

    git config --global --edit

After doing this, you may fix the identity used for this commit with:

    git commit --amend --reset-author

 5 files changed, 12 insertions(+)
 create mode 100644 .dvc/.gitignore
 create mode 100644 .dvc/config
 create mode 100644 .dvcignore
 create mode 100644 .gitignore
 create mode 100644 athletes_v1.csv.dvc
(base) monicazhang@Monicas-MacBook-Air ml-ops % ls
athletes_v1.csv		athletes_v1.csv.dvc
(base) monicazhang@Monicas-MacBook-Air ml-ops % dvc remote add -d storage gdrive://15oe6aUu8Fy1bFsIHxQLC2UgRCdE1jUSh
Setting 'storage' as a default remote.
(base) monicazhang@Monicas-MacBook-Air ml-ops % git commit .dvc/config -m "Configure remote storage"
[main 14b7a5a] Configure remote storage
 Committer: Monica Zhang <monicazhang@Monicas-MacBook-Air.local>
Your name and email address were configured automatically based
on your username and hostname. Please check that they are accurate.
You can suppress this message by setting them explicitly. Run the
following command and follow the instructions in your editor to edit
your configuration file:

    git config --global --edit

After doing this, you may fix the identity used for this commit with:

    git commit --amend --reset-author

 1 file changed, 4 insertions(+)
(base) monicazhang@Monicas-MacBook-Air ml-ops % dvc push
1 file pushed                                                                                                                                                                                                   
(base) monicazhang@Monicas-MacBook-Air ml-ops % mv ~/Downloads/athletes_v2.csv ~/ml-ops/              
(base) monicazhang@Monicas-MacBook-Air ml-ops % ls
athletes_v1.csv		athletes_v1.csv.dvc	athletes_v2.csv
(base) monicazhang@Monicas-MacBook-Air ml-ops % dvc add athletes_v2.csv                                
100% Adding...|████████████████████████████████████████████████████████████████████████████████████████████████████████████████████████████████████████████████████████████████████████|1/1 [00:00, 46.27file/s]
                                                                                                                                                                                                                
To track the changes with git, run:

	git add athletes_v2.csv.dvc .gitignore

To enable auto staging, run:

	dvc config core.autostage true
(base) monicazhang@Monicas-MacBook-Air ml-ops % git add athletes_v2.csv.dvc .gitignore                   
(base) monicazhang@Monicas-MacBook-Air ml-ops % git commit -m "Add v2 of data"                                     
[main 536a4e1] Add v2 of data
 Committer: Monica Zhang <monicazhang@Monicas-MacBook-Air.local>
Your name and email address were configured automatically based
on your username and hostname. Please check that they are accurate.
You can suppress this message by setting them explicitly. Run the
following command and follow the instructions in your editor to edit
your configuration file:

    git config --global --edit

After doing this, you may fix the identity used for this commit with:

    git commit --amend --reset-author

 2 files changed, 6 insertions(+)
 create mode 100644 athletes_v2.csv.dvc
(base) monicazhang@Monicas-MacBook-Air ml-ops % dvc push                                                            
1 file pushed                                                                                                                                                                                                   
(base) monicazhang@Monicas-MacBook-Air ml-ops % git log --oneline
536a4e1 (HEAD -> main) Add v2 of data
14b7a5a Configure remote storage
9453a3e Add v1 of data
(base) monicazhang@Monicas-MacBook-Air ml-ops % git checkout HEAD^1 ml-ops/athletes_v1.csv.dvc
error: pathspec 'ml-ops/athletes_v1.csv.dvc' did not match any file(s) known to git
(base) monicazhang@Monicas-MacBook-Air ml-ops % ls
athletes_v1.csv		athletes_v1.csv.dvc	athletes_v2.csv		athletes_v2.csv.dvc
(base) monicazhang@Monicas-MacBook-Air ml-ops % git checkout HEAD^1 athletes_v1.csv.dvc 
Updated 0 paths from a200f84
(base) monicazhang@Monicas-MacBook-Air ml-ops % dvc checkout
Building workspace index                                                                                                                                                              |2.00 [00:00,  291entry/s]
Comparing indexes                                                                                                                                                                    |3.00 [00:00, 3.69kentry/s]
Applying changes                                                                                                                                                                      |0.00 [00:00,     ?file/s]
(base) monicazhang@Monicas-MacBook-Air ml-ops % ls
athletes_v1.csv		athletes_v1.csv.dvc	athletes_v2.csv		athletes_v2.csv.dvc
(base) monicazhang@Monicas-MacBook-Air ml-ops % log --oneline
log: unrecognized option `--oneline'
usage:
    log <command>

global options:
    -?, --help
    -q, --quiet
    -v, --verbose

commands:
    collect         gather system logs into a log archive
    config          view/change logging system settings
    erase           delete system logging data
    show            view/search system logs
    stream          watch live system logs
    stats           show system logging statistics

further help:
    log help <command>
    log help predicates
(base) monicazhang@Monicas-MacBook-Air ml-ops % git log --oneline
536a4e1 (HEAD -> main) Add v2 of data
14b7a5a Configure remote storage
9453a3e Add v1 of data

git branch -M main
git push -u origin main

(base) monicazhang@Monicas-MacBook-Air ml-ops % git remote add origin git@github.com::monicaz2/ml-ops-dvc.git
git branch -M master
git push -u origin master

error: remote origin already exists.
Enumerating objects: 16, done.
Counting objects: 100% (16/16), done.
Delta compression using up to 8 threads
Compressing objects: 100% (12/12), done.
Writing objects: 100% (16/16), 1.38 KiB | 1.38 MiB/s, done.
Total 16 (delta 3), reused 0 (delta 0), pack-reused 0
remote: Resolving deltas: 100% (3/3), done.
To github.com:monicaz2/ml-ops-dvc.git
 * [new branch]      master -> master
branch 'master' set up to track 'origin/master'.
(base) monicazhang@Monicas-MacBook-Air ml-ops % git status
On branch master
Your branch is up to date with 'origin/master'.

Untracked files:
  (use "git add <file>..." to include in what will be committed)
	git

nothing added to commit but untracked files present (use "git add" to track)
(base) monicazhang@Monicas-MacBook-Air ml-ops % git status
On branch master
Your branch is up to date with 'origin/master'.

Untracked files:
  (use "git add <file>..." to include in what will be committed)
	git

nothing added to commit but untracked files present (use "git add" to track)
(base) monicazhang@Monicas-MacBook-Air ml-ops % ls
athletes_v1.csv		athletes_v1.csv.dvc	athletes_v2.csv		athletes_v2.csv.dvc	git
